// Jest Snapshot v1, https://goo.gl/fbAQLP

exports[`Widgets/Navbar Basic smoke-test 1`] = `
<div data-testid="navbar"
     class="css-1dkag26"
>
  <div class="css-1lzq4gc">
    <a class="chakra-link css-spn4bz"
       href="/"
    >
      Home
    </a>
    <a class="chakra-link css-spn4bz"
       href="/about"
    >
      About
    </a>
  </div>
  <button type="button"
          class="chakra-button css-15bt6gt"
          aria-label="Toggle theme"
  >
    <svg viewbox="0 0 24 24"
         focusable="false"
         class="chakra-icon css-onkibi"
         aria-hidden="true"
    >
      <path fill="currentColor"
            d="M21.4,13.7C20.6,13.9,19.8,14,19,14c-5,0-9-4-9-9c0-0.8,0.1-1.6,0.3-2.4c0.1-0.3,0-0.7-0.3-1 c-0.3-0.3-0.6-0.4-1-0.3C4.3,2.7,1,7.1,1,12c0,6.1,4.9,11,11,11c4.9,0,9.3-3.3,10.6-8.1c0.1-0.3,0-0.7-0.3-1 C22.1,13.7,21.7,13.6,21.4,13.7z"
      >
      </path>
    </svg>
  </button>
  <div class="chakra-stack css-1p1m4ay">
    <button type="button"
            class="chakra-button css-gqe90k"
    >
      EN
    </button>
    <div class="chakra-stack__divider css-14rtrcu">
    </div>
    <button type="button"
            class="chakra-button css-vklvw0"
    >
      RU
    </button>
  </div>
</div>
<span id="__chakra_env"
      hidden
>
</span>
`;
