// Jest Snapshot v1, https://goo.gl/fbAQLP

exports[`Widgets/ErrorFallback Basic smoke-test 1`] = `
<div data-status="error"
     role="alert"
     class="chakra-alert css-1lxprk3"
>
  <span data-status="error"
        class="chakra-alert__icon css-14ogjxt"
  >
    <svg viewbox="0 0 24 24"
         focusable="false"
         class="chakra-icon css-qk6lof"
    >
      <path fill="currentColor"
            d="M11.983,0a12.206,12.206,0,0,0-8.51,3.653A11.8,11.8,0,0,0,0,12.207,11.779,11.779,0,0,0,11.8,24h.214A12.111,12.111,0,0,0,24,11.791h0A11.766,11.766,0,0,0,11.983,0ZM10.5,16.542a1.476,1.476,0,0,1,1.449-1.53h.027a1.527,1.527,0,0,1,1.523,1.47,1.475,1.475,0,0,1-1.449,1.53h-.027A1.529,1.529,0,0,1,10.5,16.542ZM11,12.5v-6a1,1,0,0,1,2,0v6a1,1,0,1,1-2,0Z"
      >
      </path>
    </svg>
  </span>
  <div data-status="error"
       class="chakra-alert__title css-tidvy5"
  >
    Something went wrong...
  </div>
  <div data-status="error"
       class="chakra-alert__desc css-zzks76"
  >
    msg
  </div>
</div>
<span id="__chakra_env"
      hidden
>
</span>
`;
